 Network tcc_default Creating 
 Network tcc_default Creating 
 Volume tcc_mlflow_data Creating 
 Volume tcc_mlflow_data Creating 
 Volume tcc_spark_checkpoint Creating 
 Volume tcc_spark_checkpoint Creating 
 Volume tcc_mlflow_data Created 
 Volume tcc_mlflow_data Created 
 Volume tcc_spark_checkpoint Created 
 Volume tcc_spark_checkpoint Created 
 Network tcc_default Created 
 Network tcc_default Created 
 Container tcc-spark-master-1 Creating 
 Container tcc-mlflow-1 Creating 
 Container tcc-kafka-1 Creating 
 Container tcc-spark-master-1 Created 
 Container tcc-spark-worker-1 Creating 
 Container tcc-mlflow-1 Created 
 Container tcc-kafka-1 Created 
 Container tcc-kafka-init-1 Creating 
 Container tcc-kafka-exporter-1 Creating 
 Container tcc-spark-worker-1 Created 
 Container tcc-kafka-exporter-1 Created 
 Container tcc-prometheus-1 Creating 
 Container tcc-kafka-init-1 Created 
 Container tcc-spark-streaming-1 Creating 
 Container tcc-metrics-bridge-1 Creating 
 Container tcc-spark-streaming-1 Created 
 Container tcc-metrics-bridge-1 Created 
 Container tcc-prometheus-1 Created 
 Container tcc-grafana-1 Creating 
 Container tcc-grafana-1 Created 
 Container tcc-spark-master-1 Starting 
 Container tcc-mlflow-1 Starting 
 Container tcc-kafka-1 Starting 
 Container tcc-mlflow-1 Started 
 Container tcc-kafka-1 Started 
 Container tcc-kafka-1 Waiting 
 Container tcc-kafka-1 Waiting 
 Container tcc-spark-master-1 Started 
 Container tcc-spark-master-1 Waiting 
 Container tcc-spark-master-1 Healthy 
 Container tcc-spark-worker-1 Starting 
 Container tcc-spark-worker-1 Started 
 Container tcc-kafka-1 Healthy 
 Container tcc-kafka-exporter-1 Starting 
 Container tcc-kafka-1 Healthy 
 Container tcc-kafka-init-1 Starting 
 Container tcc-kafka-init-1 Started 
 Container tcc-kafka-init-1 Waiting 
 Container tcc-kafka-init-1 Waiting 
 Container tcc-spark-master-1 Waiting 
 Container tcc-spark-worker-1 Waiting 
 Container tcc-kafka-exporter-1 Started 
 Container tcc-prometheus-1 Starting 
 Container tcc-prometheus-1 Started 
 Container tcc-grafana-1 Starting 
 Container tcc-spark-master-1 Healthy 
 Container tcc-grafana-1 Started 
 Container tcc-spark-worker-1 Healthy 
 Container tcc-kafka-init-1 Exited 
 Container tcc-kafka-init-1 Exited 
 Container tcc-spark-streaming-1 Starting 
 Container tcc-metrics-bridge-1 Starting 
 Container tcc-metrics-bridge-1 Started 
 Container tcc-spark-streaming-1 Started 
